Archive member included because of file (symbol)

d:/imt_avr_records/00-tools/05-toolchains/sdk_win_64/winavr/bin/../lib/gcc/avr/4.3.3/avr5\libgcc.a(_mulsi3.o)
                              ./APP/main.o (__mulsi3)
d:/imt_avr_records/00-tools/05-toolchains/sdk_win_64/winavr/bin/../lib/gcc/avr/4.3.3/avr5\libgcc.a(_udivmodsi4.o)
                              ./APP/main.o (__udivmodsi4)
d:/imt_avr_records/00-tools/05-toolchains/sdk_win_64/winavr/bin/../lib/gcc/avr/4.3.3/avr5\libgcc.a(_exit.o)
                              d:/imt_avr_records/00-tools/05-toolchains/sdk_win_64/winavr/bin/../lib/gcc/avr/4.3.3/../../../../avr/lib/avr5/crtm32.o (exit)
d:/imt_avr_records/00-tools/05-toolchains/sdk_win_64/winavr/bin/../lib/gcc/avr/4.3.3/avr5\libgcc.a(_copy_data.o)
                              ./MCAL/Switch_Driver/Switch_Config.o (__do_copy_data)
d:/imt_avr_records/00-tools/05-toolchains/sdk_win_64/winavr/bin/../lib/gcc/avr/4.3.3/avr5\libgcc.a(_clear_bss.o)
                              ./MCAL/Timer/Timer_Program.o (__do_clear_bss)
d:/imt_avr_records/00-tools/05-toolchains/sdk_win_64/winavr/bin/../lib/gcc/avr/4.3.3/avr5\libgcc.a(_fixunssfsi.o)
                              ./HAL/LCD/LCD_Program.o (__fixunssfsi)
d:/imt_avr_records/00-tools/05-toolchains/sdk_win_64/winavr/bin/../lib/gcc/avr/4.3.3/avr5\libgcc.a(_addsub_sf.o)
                              d:/imt_avr_records/00-tools/05-toolchains/sdk_win_64/winavr/bin/../lib/gcc/avr/4.3.3/avr5\libgcc.a(_fixunssfsi.o) (__subsf3)
d:/imt_avr_records/00-tools/05-toolchains/sdk_win_64/winavr/bin/../lib/gcc/avr/4.3.3/avr5\libgcc.a(_mul_sf.o)
                              ./HAL/LCD/LCD_Program.o (__mulsf3)
d:/imt_avr_records/00-tools/05-toolchains/sdk_win_64/winavr/bin/../lib/gcc/avr/4.3.3/avr5\libgcc.a(_gt_sf.o)
                              ./HAL/LCD/LCD_Program.o (__gtsf2)
d:/imt_avr_records/00-tools/05-toolchains/sdk_win_64/winavr/bin/../lib/gcc/avr/4.3.3/avr5\libgcc.a(_ge_sf.o)
                              d:/imt_avr_records/00-tools/05-toolchains/sdk_win_64/winavr/bin/../lib/gcc/avr/4.3.3/avr5\libgcc.a(_fixunssfsi.o) (__gesf2)
d:/imt_avr_records/00-tools/05-toolchains/sdk_win_64/winavr/bin/../lib/gcc/avr/4.3.3/avr5\libgcc.a(_lt_sf.o)
                              ./HAL/LCD/LCD_Program.o (__ltsf2)
d:/imt_avr_records/00-tools/05-toolchains/sdk_win_64/winavr/bin/../lib/gcc/avr/4.3.3/avr5\libgcc.a(_sf_to_si.o)
                              d:/imt_avr_records/00-tools/05-toolchains/sdk_win_64/winavr/bin/../lib/gcc/avr/4.3.3/avr5\libgcc.a(_fixunssfsi.o) (__fixsfsi)
d:/imt_avr_records/00-tools/05-toolchains/sdk_win_64/winavr/bin/../lib/gcc/avr/4.3.3/avr5\libgcc.a(_thenan_sf.o)
                              d:/imt_avr_records/00-tools/05-toolchains/sdk_win_64/winavr/bin/../lib/gcc/avr/4.3.3/avr5\libgcc.a(_addsub_sf.o) (__thenan_sf)
d:/imt_avr_records/00-tools/05-toolchains/sdk_win_64/winavr/bin/../lib/gcc/avr/4.3.3/avr5\libgcc.a(_prologue.o)
                              d:/imt_avr_records/00-tools/05-toolchains/sdk_win_64/winavr/bin/../lib/gcc/avr/4.3.3/avr5\libgcc.a(_addsub_sf.o) (__prologue_saves__)
d:/imt_avr_records/00-tools/05-toolchains/sdk_win_64/winavr/bin/../lib/gcc/avr/4.3.3/avr5\libgcc.a(_epilogue.o)
                              d:/imt_avr_records/00-tools/05-toolchains/sdk_win_64/winavr/bin/../lib/gcc/avr/4.3.3/avr5\libgcc.a(_addsub_sf.o) (__epilogue_restores__)
d:/imt_avr_records/00-tools/05-toolchains/sdk_win_64/winavr/bin/../lib/gcc/avr/4.3.3/avr5\libgcc.a(_pack_sf.o)
                              d:/imt_avr_records/00-tools/05-toolchains/sdk_win_64/winavr/bin/../lib/gcc/avr/4.3.3/avr5\libgcc.a(_addsub_sf.o) (__pack_f)
d:/imt_avr_records/00-tools/05-toolchains/sdk_win_64/winavr/bin/../lib/gcc/avr/4.3.3/avr5\libgcc.a(_unpack_sf.o)
                              d:/imt_avr_records/00-tools/05-toolchains/sdk_win_64/winavr/bin/../lib/gcc/avr/4.3.3/avr5\libgcc.a(_addsub_sf.o) (__unpack_f)
d:/imt_avr_records/00-tools/05-toolchains/sdk_win_64/winavr/bin/../lib/gcc/avr/4.3.3/avr5\libgcc.a(_fpcmp_parts_sf.o)
                              d:/imt_avr_records/00-tools/05-toolchains/sdk_win_64/winavr/bin/../lib/gcc/avr/4.3.3/avr5\libgcc.a(_gt_sf.o) (__fpcmp_parts_f)
d:/imt_avr_records/00-tools/05-toolchains/sdk_win_64/winavr/bin/../lib/gcc/avr/4.3.3/../../../../avr/lib/avr5\libc.a(strlen.o)
                              ./HAL/LCD/LCD_Program.o (strlen)
d:/imt_avr_records/00-tools/05-toolchains/sdk_win_64/winavr/bin/../lib/gcc/avr/4.3.3/../../../../avr/lib/avr5\libc.a(sprintf.o)
                              ./HAL/LCD/LCD_Program.o (sprintf)
d:/imt_avr_records/00-tools/05-toolchains/sdk_win_64/winavr/bin/../lib/gcc/avr/4.3.3/../../../../avr/lib/avr5\libc.a(vfprintf_std.o)
                              d:/imt_avr_records/00-tools/05-toolchains/sdk_win_64/winavr/bin/../lib/gcc/avr/4.3.3/../../../../avr/lib/avr5\libc.a(sprintf.o) (vfprintf)
d:/imt_avr_records/00-tools/05-toolchains/sdk_win_64/winavr/bin/../lib/gcc/avr/4.3.3/../../../../avr/lib/avr5\libc.a(strnlen_P.o)
                              d:/imt_avr_records/00-tools/05-toolchains/sdk_win_64/winavr/bin/../lib/gcc/avr/4.3.3/../../../../avr/lib/avr5\libc.a(vfprintf_std.o) (strnlen_P)
d:/imt_avr_records/00-tools/05-toolchains/sdk_win_64/winavr/bin/../lib/gcc/avr/4.3.3/../../../../avr/lib/avr5\libc.a(strnlen.o)
                              d:/imt_avr_records/00-tools/05-toolchains/sdk_win_64/winavr/bin/../lib/gcc/avr/4.3.3/../../../../avr/lib/avr5\libc.a(vfprintf_std.o) (strnlen)
d:/imt_avr_records/00-tools/05-toolchains/sdk_win_64/winavr/bin/../lib/gcc/avr/4.3.3/../../../../avr/lib/avr5\libc.a(fputc.o)
                              d:/imt_avr_records/00-tools/05-toolchains/sdk_win_64/winavr/bin/../lib/gcc/avr/4.3.3/../../../../avr/lib/avr5\libc.a(vfprintf_std.o) (fputc)
d:/imt_avr_records/00-tools/05-toolchains/sdk_win_64/winavr/bin/../lib/gcc/avr/4.3.3/../../../../avr/lib/avr5\libc.a(ultoa_invert.o)
                              d:/imt_avr_records/00-tools/05-toolchains/sdk_win_64/winavr/bin/../lib/gcc/avr/4.3.3/../../../../avr/lib/avr5\libc.a(vfprintf_std.o) (__ultoa_invert)

Memory Configuration

Name             Origin             Length             Attributes
text             0x00000000         0x00020000         xr
data             0x00800060         0x0000ffa0         rw !x
eeprom           0x00810000         0x00010000         rw !x
fuse             0x00820000         0x00000400         rw !x
lock             0x00830000         0x00000400         rw !x
signature        0x00840000         0x00000400         rw !x
*default*        0x00000000         0xffffffff

Linker script and memory map

LOAD d:/imt_avr_records/00-tools/05-toolchains/sdk_win_64/winavr/bin/../lib/gcc/avr/4.3.3/../../../../avr/lib/avr5/crtm32.o
LOAD ./MCAL/Timer/Timer_Program.o
LOAD ./MCAL/Switch_Driver/Switch_Config.o
LOAD ./MCAL/Switch_Driver/Switch_Program.o
LOAD ./MCAL/LCD_DIO/Dio_Program.o
LOAD ./MCAL/Global_Interrupt/GI_Program.o
LOAD ./MCAL/EXTI/EXTI_Program.o
LOAD ./MCAL/DIO/DIO_Program.o
LOAD ./MCAL/ADC/ADC_Program.o
LOAD ./HAL/Stepper/Stepper_Program.o
LOAD ./HAL/LCD/LCD_Program.o
LOAD ./HAL/KEYPAD/Keypad.o
LOAD ./HAL/DC_MOTOR/DC_Motor_Program.o
LOAD ./APP/main.o
LOAD d:/imt_avr_records/00-tools/05-toolchains/sdk_win_64/winavr/bin/../lib/gcc/avr/4.3.3/avr5\libgcc.a
LOAD d:/imt_avr_records/00-tools/05-toolchains/sdk_win_64/winavr/bin/../lib/gcc/avr/4.3.3/../../../../avr/lib/avr5\libc.a
LOAD d:/imt_avr_records/00-tools/05-toolchains/sdk_win_64/winavr/bin/../lib/gcc/avr/4.3.3/avr5\libgcc.a

.hash
 *(.hash)

.dynsym
 *(.dynsym)

.dynstr
 *(.dynstr)

.gnu.version
 *(.gnu.version)

.gnu.version_d
 *(.gnu.version_d)

.gnu.version_r
 *(.gnu.version_r)

.rel.init
 *(.rel.init)

.rela.init
 *(.rela.init)

.rel.text
 *(.rel.text)
 *(.rel.text.*)
 *(.rel.gnu.linkonce.t*)

.rela.text
 *(.rela.text)
 *(.rela.text.*)
 *(.rela.gnu.linkonce.t*)

.rel.fini
 *(.rel.fini)

.rela.fini
 *(.rela.fini)

.rel.rodata
 *(.rel.rodata)
 *(.rel.rodata.*)
 *(.rel.gnu.linkonce.r*)

.rela.rodata
 *(.rela.rodata)
 *(.rela.rodata.*)
 *(.rela.gnu.linkonce.r*)

.rel.data
 *(.rel.data)
 *(.rel.data.*)
 *(.rel.gnu.linkonce.d*)

.rela.data
 *(.rela.data)
 *(.rela.data.*)
 *(.rela.gnu.linkonce.d*)

.rel.ctors
 *(.rel.ctors)

.rela.ctors
 *(.rela.ctors)

.rel.dtors
 *(.rel.dtors)

.rela.dtors
 *(.rela.dtors)

.rel.got
 *(.rel.got)

.rela.got
 *(.rela.got)

.rel.bss
 *(.rel.bss)

.rela.bss
 *(.rela.bss)

.rel.plt
 *(.rel.plt)

.rela.plt
 *(.rela.plt)

.text           0x00000000     0x4a7a
 *(.vectors)
 .vectors       0x00000000       0x54 d:/imt_avr_records/00-tools/05-toolchains/sdk_win_64/winavr/bin/../lib/gcc/avr/4.3.3/../../../../avr/lib/avr5/crtm32.o
                0x00000000                __vectors
                0x00000000                __vector_default
 *(.vectors)
 *(.progmem.gcc*)
 *(.progmem*)
                0x00000054                . = ALIGN (0x2)
                0x00000054                __trampolines_start = .
 *(.trampolines)
 .trampolines   0x00000054        0x0 linker stubs
 *(.trampolines*)
                0x00000054                __trampolines_end = .
 *(.jumptables)
 *(.jumptables*)
 *(.lowtext)
 *(.lowtext*)
                0x00000054                __ctors_start = .
 *(.ctors)
                0x00000054                __ctors_end = .
                0x00000054                __dtors_start = .
 *(.dtors)
                0x00000054                __dtors_end = .
 SORT(*)(.ctors)
 SORT(*)(.dtors)
 *(.init0)
 .init0         0x00000054        0x0 d:/imt_avr_records/00-tools/05-toolchains/sdk_win_64/winavr/bin/../lib/gcc/avr/4.3.3/../../../../avr/lib/avr5/crtm32.o
                0x00000054                __init
 *(.init0)
 *(.init1)
 *(.init1)
 *(.init2)
 .init2         0x00000054        0xc d:/imt_avr_records/00-tools/05-toolchains/sdk_win_64/winavr/bin/../lib/gcc/avr/4.3.3/../../../../avr/lib/avr5/crtm32.o
 *(.init2)
 *(.init3)
 *(.init3)
 *(.init4)
 .init4         0x00000060       0x16 d:/imt_avr_records/00-tools/05-toolchains/sdk_win_64/winavr/bin/../lib/gcc/avr/4.3.3/avr5\libgcc.a(_copy_data.o)
                0x00000060                __do_copy_data
 .init4         0x00000076       0x10 d:/imt_avr_records/00-tools/05-toolchains/sdk_win_64/winavr/bin/../lib/gcc/avr/4.3.3/avr5\libgcc.a(_clear_bss.o)
                0x00000076                __do_clear_bss
 *(.init4)
 *(.init5)
 *(.init5)
 *(.init6)
 *(.init6)
 *(.init7)
 *(.init7)
 *(.init8)
 *(.init8)
 *(.init9)
 .init9         0x00000086        0x8 d:/imt_avr_records/00-tools/05-toolchains/sdk_win_64/winavr/bin/../lib/gcc/avr/4.3.3/../../../../avr/lib/avr5/crtm32.o
 *(.init9)
 *(.text)
 .text          0x0000008e        0x4 d:/imt_avr_records/00-tools/05-toolchains/sdk_win_64/winavr/bin/../lib/gcc/avr/4.3.3/../../../../avr/lib/avr5/crtm32.o
                0x0000008e                __vector_12
                0x0000008e                __bad_interrupt
                0x0000008e                __vector_6
                0x0000008e                __vector_13
                0x0000008e                __vector_17
                0x0000008e                __vector_19
                0x0000008e                __vector_7
                0x0000008e                __vector_5
                0x0000008e                __vector_4
                0x0000008e                __vector_9
                0x0000008e                __vector_15
                0x0000008e                __vector_8
                0x0000008e                __vector_14
                0x0000008e                __vector_18
                0x0000008e                __vector_20
 .text          0x00000092        0x0 ./MCAL/Timer/Timer_Program.o
 .text          0x00000092        0x0 ./MCAL/Switch_Driver/Switch_Config.o
 .text          0x00000092        0x0 ./MCAL/Switch_Driver/Switch_Program.o
 .text          0x00000092        0x0 ./MCAL/LCD_DIO/Dio_Program.o
 .text          0x00000092        0x0 ./MCAL/Global_Interrupt/GI_Program.o
 .text          0x00000092        0x0 ./MCAL/EXTI/EXTI_Program.o
 .text          0x00000092        0x0 ./MCAL/DIO/DIO_Program.o
 .text          0x00000092        0x0 ./MCAL/ADC/ADC_Program.o
 .text          0x00000092        0x0 ./HAL/Stepper/Stepper_Program.o
 .text          0x00000092        0x0 ./HAL/LCD/LCD_Program.o
 .text          0x00000092        0x0 ./HAL/KEYPAD/Keypad.o
 .text          0x00000092        0x0 ./HAL/DC_MOTOR/DC_Motor_Program.o
 .text          0x00000092        0x0 ./APP/main.o
 .text          0x00000092        0x0 d:/imt_avr_records/00-tools/05-toolchains/sdk_win_64/winavr/bin/../lib/gcc/avr/4.3.3/avr5\libgcc.a(_mulsi3.o)
 .text          0x00000092        0x0 d:/imt_avr_records/00-tools/05-toolchains/sdk_win_64/winavr/bin/../lib/gcc/avr/4.3.3/avr5\libgcc.a(_udivmodsi4.o)
 .text          0x00000092        0x0 d:/imt_avr_records/00-tools/05-toolchains/sdk_win_64/winavr/bin/../lib/gcc/avr/4.3.3/avr5\libgcc.a(_exit.o)
 .text          0x00000092        0x0 d:/imt_avr_records/00-tools/05-toolchains/sdk_win_64/winavr/bin/../lib/gcc/avr/4.3.3/avr5\libgcc.a(_copy_data.o)
 .text          0x00000092        0x0 d:/imt_avr_records/00-tools/05-toolchains/sdk_win_64/winavr/bin/../lib/gcc/avr/4.3.3/avr5\libgcc.a(_clear_bss.o)
 .text          0x00000092       0x58 d:/imt_avr_records/00-tools/05-toolchains/sdk_win_64/winavr/bin/../lib/gcc/avr/4.3.3/avr5\libgcc.a(_fixunssfsi.o)
                0x00000092                __fixunssfsi
 .text          0x000000ea      0x354 d:/imt_avr_records/00-tools/05-toolchains/sdk_win_64/winavr/bin/../lib/gcc/avr/4.3.3/avr5\libgcc.a(_addsub_sf.o)
                0x00000382                __subsf3
                0x000003e4                __addsf3
 .text          0x0000043e      0x1f4 d:/imt_avr_records/00-tools/05-toolchains/sdk_win_64/winavr/bin/../lib/gcc/avr/4.3.3/avr5\libgcc.a(_mul_sf.o)
                0x0000043e                __mulsf3
 .text          0x00000632       0x60 d:/imt_avr_records/00-tools/05-toolchains/sdk_win_64/winavr/bin/../lib/gcc/avr/4.3.3/avr5\libgcc.a(_gt_sf.o)
                0x00000632                __gtsf2
 .text          0x00000692       0x60 d:/imt_avr_records/00-tools/05-toolchains/sdk_win_64/winavr/bin/../lib/gcc/avr/4.3.3/avr5\libgcc.a(_ge_sf.o)
                0x00000692                __gesf2
 .text          0x000006f2       0x60 d:/imt_avr_records/00-tools/05-toolchains/sdk_win_64/winavr/bin/../lib/gcc/avr/4.3.3/avr5\libgcc.a(_lt_sf.o)
                0x000006f2                __ltsf2
 .text          0x00000752       0xa8 d:/imt_avr_records/00-tools/05-toolchains/sdk_win_64/winavr/bin/../lib/gcc/avr/4.3.3/avr5\libgcc.a(_sf_to_si.o)
                0x00000752                __fixsfsi
 .text          0x000007fa        0x0 d:/imt_avr_records/00-tools/05-toolchains/sdk_win_64/winavr/bin/../lib/gcc/avr/4.3.3/avr5\libgcc.a(_thenan_sf.o)
 .text          0x000007fa        0x0 d:/imt_avr_records/00-tools/05-toolchains/sdk_win_64/winavr/bin/../lib/gcc/avr/4.3.3/avr5\libgcc.a(_prologue.o)
 .text          0x000007fa        0x0 d:/imt_avr_records/00-tools/05-toolchains/sdk_win_64/winavr/bin/../lib/gcc/avr/4.3.3/avr5\libgcc.a(_epilogue.o)
 .text          0x000007fa      0x1aa d:/imt_avr_records/00-tools/05-toolchains/sdk_win_64/winavr/bin/../lib/gcc/avr/4.3.3/avr5\libgcc.a(_pack_sf.o)
                0x000007fa                __pack_f
 .text          0x000009a4       0xf0 d:/imt_avr_records/00-tools/05-toolchains/sdk_win_64/winavr/bin/../lib/gcc/avr/4.3.3/avr5\libgcc.a(_unpack_sf.o)
                0x000009a4                __unpack_f
 .text          0x00000a94       0xb2 d:/imt_avr_records/00-tools/05-toolchains/sdk_win_64/winavr/bin/../lib/gcc/avr/4.3.3/avr5\libgcc.a(_fpcmp_parts_sf.o)
                0x00000a94                __fpcmp_parts_f
 .text          0x00000b46        0x0 d:/imt_avr_records/00-tools/05-toolchains/sdk_win_64/winavr/bin/../lib/gcc/avr/4.3.3/../../../../avr/lib/avr5\libc.a(strlen.o)
 .text          0x00000b46        0x0 d:/imt_avr_records/00-tools/05-toolchains/sdk_win_64/winavr/bin/../lib/gcc/avr/4.3.3/../../../../avr/lib/avr5\libc.a(sprintf.o)
 .text          0x00000b46        0x0 d:/imt_avr_records/00-tools/05-toolchains/sdk_win_64/winavr/bin/../lib/gcc/avr/4.3.3/../../../../avr/lib/avr5\libc.a(vfprintf_std.o)
 .text          0x00000b46        0x0 d:/imt_avr_records/00-tools/05-toolchains/sdk_win_64/winavr/bin/../lib/gcc/avr/4.3.3/../../../../avr/lib/avr5\libc.a(strnlen_P.o)
 .text          0x00000b46        0x0 d:/imt_avr_records/00-tools/05-toolchains/sdk_win_64/winavr/bin/../lib/gcc/avr/4.3.3/../../../../avr/lib/avr5\libc.a(strnlen.o)
 .text          0x00000b46        0x0 d:/imt_avr_records/00-tools/05-toolchains/sdk_win_64/winavr/bin/../lib/gcc/avr/4.3.3/../../../../avr/lib/avr5\libc.a(fputc.o)
 .text          0x00000b46        0x0 d:/imt_avr_records/00-tools/05-toolchains/sdk_win_64/winavr/bin/../lib/gcc/avr/4.3.3/../../../../avr/lib/avr5\libc.a(ultoa_invert.o)
                0x00000b46                . = ALIGN (0x2)
 *(.text.*)
 .text.TIMERS_voidTimer0Init
                0x00000b46       0x70 ./MCAL/Timer/Timer_Program.o
                0x00000b46                TIMERS_voidTimer0Init
 .text.TIMERS_voidTimer1Init
                0x00000bb6       0xa4 ./MCAL/Timer/Timer_Program.o
                0x00000bb6                TIMERS_voidTimer1Init
 .text.TIMERS_u8TIMER0SetCallBack
                0x00000c5a       0x3a ./MCAL/Timer/Timer_Program.o
                0x00000c5a                TIMERS_u8TIMER0SetCallBack
 .text.TIMERS_u8TIMER0CTCSetCallBack
                0x00000c94       0x3a ./MCAL/Timer/Timer_Program.o
                0x00000c94                TIMERS_u8TIMER0CTCSetCallBack
 .text.TIMERS_voidTIMER0SetCompareMatchValue
                0x00000cce       0x1c ./MCAL/Timer/Timer_Program.o
                0x00000cce                TIMERS_voidTIMER0SetCompareMatchValue
 .text.TIMERS_voidTIMER1SetCompareMatchValueA
                0x00000cea       0x24 ./MCAL/Timer/Timer_Program.o
                0x00000cea                TIMERS_voidTIMER1SetCompareMatchValueA
 .text.__vector_11
                0x00000d0e       0x98 ./MCAL/Timer/Timer_Program.o
                0x00000d0e                __vector_11
 .text.__vector_10
                0x00000da6       0x90 ./MCAL/Timer/Timer_Program.o
                0x00000da6                __vector_10
 .text.Switch_Init
                0x00000e36       0xdc ./MCAL/Switch_Driver/Switch_Program.o
                0x00000e36                Switch_Init
 .text.Switch_GetValue
                0x00000f12       0x3a ./MCAL/Switch_Driver/Switch_Program.o
                0x00000f12                Switch_GetValue
 .text.LCD_setPinDirection
                0x00000f4c      0x1d6 ./MCAL/LCD_DIO/Dio_Program.o
                0x00000f4c                LCD_setPinDirection
 .text.LCD_setPinValue
                0x00001122      0x1d6 ./MCAL/LCD_DIO/Dio_Program.o
                0x00001122                LCD_setPinValue
 .text.LCD_getPinValue
                0x000012f8      0x136 ./MCAL/LCD_DIO/Dio_Program.o
                0x000012f8                LCD_getPinValue
 .text.LCD_setPortDirection
                0x0000142e       0x88 ./MCAL/LCD_DIO/Dio_Program.o
                0x0000142e                LCD_setPortDirection
 .text.LCD_setPortValue
                0x000014b6       0x88 ./MCAL/LCD_DIO/Dio_Program.o
                0x000014b6                LCD_setPortValue
 .text.LCD_getPortValue
                0x0000153e       0x8a ./MCAL/LCD_DIO/Dio_Program.o
                0x0000153e                LCD_getPortValue
 .text.EXTI_voidEnable_GIE
                0x000015c8       0x1c ./MCAL/Global_Interrupt/GI_Program.o
                0x000015c8                EXTI_voidEnable_GIE
 .text.EXTI_voidDisable_GIE
                0x000015e4       0x1c ./MCAL/Global_Interrupt/GI_Program.o
                0x000015e4                EXTI_voidDisable_GIE
 .text.setCallBack
                0x00001600       0x36 ./MCAL/EXTI/EXTI_Program.o
                0x00001600                setCallBack
 .text.EXTI0_LowLevel_MODE
                0x00001636       0x2a ./MCAL/EXTI/EXTI_Program.o
                0x00001636                EXTI0_LowLevel_MODE
 .text.EXTI0_FALLING_MODE
                0x00001660       0x2a ./MCAL/EXTI/EXTI_Program.o
                0x00001660                EXTI0_FALLING_MODE
 .text.EXTI0_AnyLogicalChange_MODE
                0x0000168a       0x2a ./MCAL/EXTI/EXTI_Program.o
                0x0000168a                EXTI0_AnyLogicalChange_MODE
 .text.EXTI0_RISING_MODE
                0x000016b4       0x2a ./MCAL/EXTI/EXTI_Program.o
                0x000016b4                EXTI0_RISING_MODE
 .text.EXTI1_LowLevel_MODE
                0x000016de       0x2a ./MCAL/EXTI/EXTI_Program.o
                0x000016de                EXTI1_LowLevel_MODE
 .text.EXTI1_FALLING_MODE
                0x00001708       0x2a ./MCAL/EXTI/EXTI_Program.o
                0x00001708                EXTI1_FALLING_MODE
 .text.EXTI1_AnyLogicalChange_MODE
                0x00001732       0x2a ./MCAL/EXTI/EXTI_Program.o
                0x00001732                EXTI1_AnyLogicalChange_MODE
 .text.EXTI1_RISING_MODE
                0x0000175c       0x2a ./MCAL/EXTI/EXTI_Program.o
                0x0000175c                EXTI1_RISING_MODE
 .text.EXTI2_RISING_MODE
                0x00001786       0x1c ./MCAL/EXTI/EXTI_Program.o
                0x00001786                EXTI2_RISING_MODE
 .text.EXTI2_FALLING_MODE
                0x000017a2       0x1c ./MCAL/EXTI/EXTI_Program.o
                0x000017a2                EXTI2_FALLING_MODE
 .text.EXTI_voidEXTI0Enable
                0x000017be       0x20 ./MCAL/EXTI/EXTI_Program.o
                0x000017be                EXTI_voidEXTI0Enable
 .text.EXTI_voidEXTI1Enable
                0x000017de       0x20 ./MCAL/EXTI/EXTI_Program.o
                0x000017de                EXTI_voidEXTI1Enable
 .text.EXTI_voidEnable
                0x000017fe      0x152 ./MCAL/EXTI/EXTI_Program.o
                0x000017fe                EXTI_voidEnable
 .text.EXTI_voidDisable
                0x00001950       0x56 ./MCAL/EXTI/EXTI_Program.o
                0x00001950                EXTI_voidDisable
 .text.__vector_1
                0x000019a6       0x66 ./MCAL/EXTI/EXTI_Program.o
                0x000019a6                __vector_1
 .text.__vector_2
                0x00001a0c       0x66 ./MCAL/EXTI/EXTI_Program.o
                0x00001a0c                __vector_2
 .text.__vector_3
                0x00001a72       0x66 ./MCAL/EXTI/EXTI_Program.o
                0x00001a72                __vector_3
 .text.DIO_voidInit
                0x00001ad8       0x42 ./MCAL/DIO/DIO_Program.o
                0x00001ad8                DIO_voidInit
 .text.DIO_u8SetPinDirection
                0x00001b1a      0x254 ./MCAL/DIO/DIO_Program.o
                0x00001b1a                DIO_u8SetPinDirection
 .text.DIO_u8SetPinValue
                0x00001d6e      0x262 ./MCAL/DIO/DIO_Program.o
                0x00001d6e                DIO_u8SetPinValue
 .text.DIO_u8GetPinValue
                0x00001fd0      0x17c ./MCAL/DIO/DIO_Program.o
                0x00001fd0                DIO_u8GetPinValue
 .text.DIO_getPinValueWithoutPointer
                0x0000214c      0x104 ./MCAL/DIO/DIO_Program.o
                0x0000214c                DIO_getPinValueWithoutPointer
 .text.DIO_u8SetPortDirection
                0x00002250      0x128 ./MCAL/DIO/DIO_Program.o
                0x00002250                DIO_u8SetPortDirection
 .text.DIO_u8SetPortValue
                0x00002378      0x13a ./MCAL/DIO/DIO_Program.o
                0x00002378                DIO_u8SetPortValue
 .text.DIO_u8GetPortValue
                0x000024b2       0xb4 ./MCAL/DIO/DIO_Program.o
                0x000024b2                DIO_u8GetPortValue
 .text.DIO_u8SetValueToAllPins
                0x00002566      0x516 ./MCAL/DIO/DIO_Program.o
                0x00002566                DIO_u8SetValueToAllPins
 .text.ADC_void_Init
                0x00002a7c       0x7e ./MCAL/ADC/ADC_Program.o
                0x00002a7c                ADC_void_Init
 .text.ADC_u8_Get_Digital_ValueSynchNonBlocking
                0x00002afa       0xfa ./MCAL/ADC/ADC_Program.o
                0x00002afa                ADC_u8_Get_Digital_ValueSynchNonBlocking
 .text.ADC_u8_Get_Digital_ValueAsynch
                0x00002bf4       0x8c ./MCAL/ADC/ADC_Program.o
                0x00002bf4                ADC_u8_Get_Digital_ValueAsynch
 .text.ADC_u8GetADCRegValue
                0x00002c80       0x3a ./MCAL/ADC/ADC_Program.o
                0x00002c80                ADC_u8GetADCRegValue
 .text.__vector_16
                0x00002cba       0x82 ./MCAL/ADC/ADC_Program.o
                0x00002cba                __vector_16
 .text.Stepper_Init
                0x00002d3c       0x36 ./HAL/Stepper/Stepper_Program.o
                0x00002d3c                Stepper_Init
 .text.ActivatePins1
                0x00002d72       0x4a ./HAL/Stepper/Stepper_Program.o
                0x00002d72                ActivatePins1
 .text.ActivatePins2
                0x00002dbc       0x4a ./HAL/Stepper/Stepper_Program.o
                0x00002dbc                ActivatePins2
 .text.SelectStepAngle
                0x00002e06       0xbc ./HAL/Stepper/Stepper_Program.o
                0x00002e06                SelectStepAngle
 .text.LCD_sendCommand
                0x00002ec2      0x3f8 ./HAL/LCD/LCD_Program.o
                0x00002ec2                LCD_sendCommand
 .text.LCD_displayCharacter
                0x000032ba      0x3f8 ./HAL/LCD/LCD_Program.o
                0x000032ba                LCD_displayCharacter
 .text.LCD_display_32bit
                0x000036b2       0xb6 ./HAL/LCD/LCD_Program.o
                0x000036b2                LCD_display_32bit
 .text.LCD_init
                0x00003768      0x148 ./HAL/LCD/LCD_Program.o
                0x00003768                LCD_init
 .text.LCD_GoToXY
                0x000038b0       0x54 ./HAL/LCD/LCD_Program.o
                0x000038b0                LCD_GoToXY
 .text.LCD_displayString
                0x00003904       0x52 ./HAL/LCD/LCD_Program.o
                0x00003904                LCD_displayString
 .text.LCD_String_xy
                0x00003956       0xda ./HAL/LCD/LCD_Program.o
                0x00003956                LCD_String_xy
 .text.LCD_ClearScreen
                0x00003a30      0x110 ./HAL/LCD/LCD_Program.o
                0x00003a30                LCD_ClearScreen
 .text.LCD_ShiftingLeft
                0x00003b40      0x110 ./HAL/LCD/LCD_Program.o
                0x00003b40                LCD_ShiftingLeft
 .text.LCD_ShiftingRight
                0x00003c50      0x110 ./HAL/LCD/LCD_Program.o
                0x00003c50                LCD_ShiftingRight
 .text.LCD_WriteSpecialChar
                0x00003d60       0x90 ./HAL/LCD/LCD_Program.o
                0x00003d60                LCD_WriteSpecialChar
 .text.KPD_u8_GetKey
                0x00003df0      0x21e ./HAL/KEYPAD/Keypad.o
                0x00003df0                KPD_u8_GetKey
 .text.KeyPad_u8_Init
                0x0000400e       0x88 ./HAL/KEYPAD/Keypad.o
                0x0000400e                KeyPad_u8_Init
 .text.Keypad_GetPressedKey
                0x00004096       0xb2 ./HAL/KEYPAD/Keypad.o
                0x00004096                Keypad_GetPressedKey
 .text.Keypad_4x3
                0x00004148       0x66 ./HAL/KEYPAD/Keypad.o
                0x00004148                Keypad_4x3
 .text.DC_Motor_Init
                0x000041ae       0x70 ./HAL/DC_MOTOR/DC_Motor_Program.o
                0x000041ae                DC_Motor_Init
 .text.DC_Motor_Rotate
                0x0000421e      0x110 ./HAL/DC_MOTOR/DC_Motor_Program.o
                0x0000421e                DC_Motor_Rotate
 .text.DC_Motor_Stop
                0x0000432e       0x42 ./HAL/DC_MOTOR/DC_Motor_Program.o
                0x0000432e                DC_Motor_Stop
 .text.main     0x00004370       0xc2 ./APP/main.o
                0x00004370                main
 .text.libgcc   0x00004432       0x3e d:/imt_avr_records/00-tools/05-toolchains/sdk_win_64/winavr/bin/../lib/gcc/avr/4.3.3/avr5\libgcc.a(_mulsi3.o)
                0x00004432                __mulsi3
 .text.libgcc   0x00004470       0x44 d:/imt_avr_records/00-tools/05-toolchains/sdk_win_64/winavr/bin/../lib/gcc/avr/4.3.3/avr5\libgcc.a(_udivmodsi4.o)
                0x00004470                __udivmodsi4
 .text.libgcc   0x000044b4        0x0 d:/imt_avr_records/00-tools/05-toolchains/sdk_win_64/winavr/bin/../lib/gcc/avr/4.3.3/avr5\libgcc.a(_exit.o)
 .text.libgcc   0x000044b4        0x0 d:/imt_avr_records/00-tools/05-toolchains/sdk_win_64/winavr/bin/../lib/gcc/avr/4.3.3/avr5\libgcc.a(_copy_data.o)
 .text.libgcc   0x000044b4        0x0 d:/imt_avr_records/00-tools/05-toolchains/sdk_win_64/winavr/bin/../lib/gcc/avr/4.3.3/avr5\libgcc.a(_clear_bss.o)
 .text.libgcc   0x000044b4       0x38 d:/imt_avr_records/00-tools/05-toolchains/sdk_win_64/winavr/bin/../lib/gcc/avr/4.3.3/avr5\libgcc.a(_prologue.o)
                0x000044b4                __prologue_saves__
 .text.libgcc   0x000044ec       0x36 d:/imt_avr_records/00-tools/05-toolchains/sdk_win_64/winavr/bin/../lib/gcc/avr/4.3.3/avr5\libgcc.a(_epilogue.o)
                0x000044ec                __epilogue_restores__
 .text.avr-libc
                0x00004522       0x12 d:/imt_avr_records/00-tools/05-toolchains/sdk_win_64/winavr/bin/../lib/gcc/avr/4.3.3/../../../../avr/lib/avr5\libc.a(strlen.o)
                0x00004522                strlen
 .text.avr-libc
                0x00004534       0x48 d:/imt_avr_records/00-tools/05-toolchains/sdk_win_64/winavr/bin/../lib/gcc/avr/4.3.3/../../../../avr/lib/avr5\libc.a(sprintf.o)
                0x00004534                sprintf
 .text.avr-libc
                0x0000457c      0x3ba d:/imt_avr_records/00-tools/05-toolchains/sdk_win_64/winavr/bin/../lib/gcc/avr/4.3.3/../../../../avr/lib/avr5\libc.a(vfprintf_std.o)
                0x0000457c                vfprintf
 .text.avr-libc
                0x00004936       0x16 d:/imt_avr_records/00-tools/05-toolchains/sdk_win_64/winavr/bin/../lib/gcc/avr/4.3.3/../../../../avr/lib/avr5\libc.a(strnlen_P.o)
                0x00004936                strnlen_P
 .text.avr-libc
                0x0000494c       0x16 d:/imt_avr_records/00-tools/05-toolchains/sdk_win_64/winavr/bin/../lib/gcc/avr/4.3.3/../../../../avr/lib/avr5\libc.a(strnlen.o)
                0x0000494c                strnlen
 .text.avr-libc
                0x00004962       0x58 d:/imt_avr_records/00-tools/05-toolchains/sdk_win_64/winavr/bin/../lib/gcc/avr/4.3.3/../../../../avr/lib/avr5\libc.a(fputc.o)
                0x00004962                fputc
 .text.avr-libc
                0x000049ba       0xbc d:/imt_avr_records/00-tools/05-toolchains/sdk_win_64/winavr/bin/../lib/gcc/avr/4.3.3/../../../../avr/lib/avr5\libc.a(ultoa_invert.o)
                0x000049ba                __ultoa_invert
                0x00004a76                . = ALIGN (0x2)
 *(.fini9)
 .fini9         0x00004a76        0x0 d:/imt_avr_records/00-tools/05-toolchains/sdk_win_64/winavr/bin/../lib/gcc/avr/4.3.3/avr5\libgcc.a(_exit.o)
                0x00004a76                exit
                0x00004a76                _exit
 *(.fini9)
 *(.fini8)
 *(.fini8)
 *(.fini7)
 *(.fini7)
 *(.fini6)
 *(.fini6)
 *(.fini5)
 *(.fini5)
 *(.fini4)
 *(.fini4)
 *(.fini3)
 *(.fini3)
 *(.fini2)
 *(.fini2)
 *(.fini1)
 *(.fini1)
 *(.fini0)
 .fini0         0x00004a76        0x4 d:/imt_avr_records/00-tools/05-toolchains/sdk_win_64/winavr/bin/../lib/gcc/avr/4.3.3/avr5\libgcc.a(_exit.o)
 *(.fini0)
                0x00004a7a                _etext = .

.data           0x00800060       0x28 load address 0x00004a7a
                0x00800060                PROVIDE (__data_start, .)
 *(.data)
 .data          0x00800060        0x0 d:/imt_avr_records/00-tools/05-toolchains/sdk_win_64/winavr/bin/../lib/gcc/avr/4.3.3/../../../../avr/lib/avr5/crtm32.o
 .data          0x00800060        0x0 ./MCAL/Timer/Timer_Program.o
 .data          0x00800060        0x0 ./MCAL/Switch_Driver/Switch_Config.o
 .data          0x00800060        0x0 ./MCAL/Switch_Driver/Switch_Program.o
 .data          0x00800060        0x0 ./MCAL/LCD_DIO/Dio_Program.o
 .data          0x00800060        0x0 ./MCAL/Global_Interrupt/GI_Program.o
 .data          0x00800060        0x0 ./MCAL/EXTI/EXTI_Program.o
 .data          0x00800060        0x0 ./MCAL/DIO/DIO_Program.o
 .data          0x00800060        0x0 ./MCAL/ADC/ADC_Program.o
 .data          0x00800060        0x0 ./HAL/Stepper/Stepper_Program.o
 .data          0x00800060        0x4 ./HAL/LCD/LCD_Program.o
 .data          0x00800064        0x0 ./HAL/KEYPAD/Keypad.o
 .data          0x00800064        0x0 ./HAL/DC_MOTOR/DC_Motor_Program.o
 .data          0x00800064        0x0 ./APP/main.o
 .data          0x00800064        0x0 d:/imt_avr_records/00-tools/05-toolchains/sdk_win_64/winavr/bin/../lib/gcc/avr/4.3.3/avr5\libgcc.a(_mulsi3.o)
 .data          0x00800064        0x0 d:/imt_avr_records/00-tools/05-toolchains/sdk_win_64/winavr/bin/../lib/gcc/avr/4.3.3/avr5\libgcc.a(_udivmodsi4.o)
 .data          0x00800064        0x0 d:/imt_avr_records/00-tools/05-toolchains/sdk_win_64/winavr/bin/../lib/gcc/avr/4.3.3/avr5\libgcc.a(_exit.o)
 .data          0x00800064        0x0 d:/imt_avr_records/00-tools/05-toolchains/sdk_win_64/winavr/bin/../lib/gcc/avr/4.3.3/avr5\libgcc.a(_copy_data.o)
 .data          0x00800064        0x0 d:/imt_avr_records/00-tools/05-toolchains/sdk_win_64/winavr/bin/../lib/gcc/avr/4.3.3/avr5\libgcc.a(_clear_bss.o)
 .data          0x00800064        0x0 d:/imt_avr_records/00-tools/05-toolchains/sdk_win_64/winavr/bin/../lib/gcc/avr/4.3.3/avr5\libgcc.a(_fixunssfsi.o)
 .data          0x00800064        0x0 d:/imt_avr_records/00-tools/05-toolchains/sdk_win_64/winavr/bin/../lib/gcc/avr/4.3.3/avr5\libgcc.a(_addsub_sf.o)
 .data          0x00800064        0x0 d:/imt_avr_records/00-tools/05-toolchains/sdk_win_64/winavr/bin/../lib/gcc/avr/4.3.3/avr5\libgcc.a(_mul_sf.o)
 .data          0x00800064        0x0 d:/imt_avr_records/00-tools/05-toolchains/sdk_win_64/winavr/bin/../lib/gcc/avr/4.3.3/avr5\libgcc.a(_gt_sf.o)
 .data          0x00800064        0x0 d:/imt_avr_records/00-tools/05-toolchains/sdk_win_64/winavr/bin/../lib/gcc/avr/4.3.3/avr5\libgcc.a(_ge_sf.o)
 .data          0x00800064        0x0 d:/imt_avr_records/00-tools/05-toolchains/sdk_win_64/winavr/bin/../lib/gcc/avr/4.3.3/avr5\libgcc.a(_lt_sf.o)
 .data          0x00800064        0x0 d:/imt_avr_records/00-tools/05-toolchains/sdk_win_64/winavr/bin/../lib/gcc/avr/4.3.3/avr5\libgcc.a(_sf_to_si.o)
 .data          0x00800064        0x8 d:/imt_avr_records/00-tools/05-toolchains/sdk_win_64/winavr/bin/../lib/gcc/avr/4.3.3/avr5\libgcc.a(_thenan_sf.o)
                0x00800064                __thenan_sf
 .data          0x0080006c        0x0 d:/imt_avr_records/00-tools/05-toolchains/sdk_win_64/winavr/bin/../lib/gcc/avr/4.3.3/avr5\libgcc.a(_prologue.o)
 .data          0x0080006c        0x0 d:/imt_avr_records/00-tools/05-toolchains/sdk_win_64/winavr/bin/../lib/gcc/avr/4.3.3/avr5\libgcc.a(_epilogue.o)
 .data          0x0080006c        0x0 d:/imt_avr_records/00-tools/05-toolchains/sdk_win_64/winavr/bin/../lib/gcc/avr/4.3.3/avr5\libgcc.a(_pack_sf.o)
 .data          0x0080006c        0x0 d:/imt_avr_records/00-tools/05-toolchains/sdk_win_64/winavr/bin/../lib/gcc/avr/4.3.3/avr5\libgcc.a(_unpack_sf.o)
 .data          0x0080006c        0x0 d:/imt_avr_records/00-tools/05-toolchains/sdk_win_64/winavr/bin/../lib/gcc/avr/4.3.3/avr5\libgcc.a(_fpcmp_parts_sf.o)
 .data          0x0080006c        0x0 d:/imt_avr_records/00-tools/05-toolchains/sdk_win_64/winavr/bin/../lib/gcc/avr/4.3.3/../../../../avr/lib/avr5\libc.a(strlen.o)
 .data          0x0080006c        0x0 d:/imt_avr_records/00-tools/05-toolchains/sdk_win_64/winavr/bin/../lib/gcc/avr/4.3.3/../../../../avr/lib/avr5\libc.a(sprintf.o)
 .data          0x0080006c        0x0 d:/imt_avr_records/00-tools/05-toolchains/sdk_win_64/winavr/bin/../lib/gcc/avr/4.3.3/../../../../avr/lib/avr5\libc.a(vfprintf_std.o)
 .data          0x0080006c        0x0 d:/imt_avr_records/00-tools/05-toolchains/sdk_win_64/winavr/bin/../lib/gcc/avr/4.3.3/../../../../avr/lib/avr5\libc.a(strnlen_P.o)
 .data          0x0080006c        0x0 d:/imt_avr_records/00-tools/05-toolchains/sdk_win_64/winavr/bin/../lib/gcc/avr/4.3.3/../../../../avr/lib/avr5\libc.a(strnlen.o)
 .data          0x0080006c        0x0 d:/imt_avr_records/00-tools/05-toolchains/sdk_win_64/winavr/bin/../lib/gcc/avr/4.3.3/../../../../avr/lib/avr5\libc.a(fputc.o)
 .data          0x0080006c        0x0 d:/imt_avr_records/00-tools/05-toolchains/sdk_win_64/winavr/bin/../lib/gcc/avr/4.3.3/../../../../avr/lib/avr5\libc.a(ultoa_invert.o)
 *(.data*)
 .data.Arr      0x0080006c        0x3 ./MCAL/Switch_Driver/Switch_Config.o
                0x0080006c                Arr
 .data.KPD_u8_RowsPins
                0x0080006f        0x4 ./HAL/KEYPAD/Keypad.o
                0x0080006f                KPD_u8_RowsPins
 .data.KPD_u8_ColsPins
                0x00800073        0x4 ./HAL/KEYPAD/Keypad.o
                0x00800073                KPD_u8_ColsPins
 *(.rodata)
 *(.rodata*)
 .rodata.KPD_u8_Keys
                0x00800077       0x10 ./HAL/KEYPAD/Keypad.o
                0x00800077                KPD_u8_Keys
 *(.gnu.linkonce.d*)
                0x00800088                . = ALIGN (0x2)
 *fill*         0x00800087        0x1 00
                0x00800088                _edata = .
                0x00800088                PROVIDE (__data_end, .)

.bss            0x00800088       0x11
                0x00800088                PROVIDE (__bss_start, .)
 *(.bss)
 .bss           0x00800088        0x0 d:/imt_avr_records/00-tools/05-toolchains/sdk_win_64/winavr/bin/../lib/gcc/avr/4.3.3/../../../../avr/lib/avr5/crtm32.o
 .bss           0x00800088        0x0 ./MCAL/Timer/Timer_Program.o
 .bss           0x00800088        0x0 ./MCAL/Switch_Driver/Switch_Config.o
 .bss           0x00800088        0x0 ./MCAL/Switch_Driver/Switch_Program.o
 .bss           0x00800088        0x0 ./MCAL/LCD_DIO/Dio_Program.o
 .bss           0x00800088        0x0 ./MCAL/Global_Interrupt/GI_Program.o
 .bss           0x00800088        0x0 ./MCAL/EXTI/EXTI_Program.o
 .bss           0x00800088        0x0 ./MCAL/DIO/DIO_Program.o
 .bss           0x00800088        0x0 ./MCAL/ADC/ADC_Program.o
 .bss           0x00800088        0x0 ./HAL/Stepper/Stepper_Program.o
 .bss           0x00800088        0x0 ./HAL/LCD/LCD_Program.o
 .bss           0x00800088        0x0 ./HAL/KEYPAD/Keypad.o
 .bss           0x00800088        0x0 ./HAL/DC_MOTOR/DC_Motor_Program.o
 .bss           0x00800088        0x0 ./APP/main.o
 .bss           0x00800088        0x0 d:/imt_avr_records/00-tools/05-toolchains/sdk_win_64/winavr/bin/../lib/gcc/avr/4.3.3/avr5\libgcc.a(_mulsi3.o)
 .bss           0x00800088        0x0 d:/imt_avr_records/00-tools/05-toolchains/sdk_win_64/winavr/bin/../lib/gcc/avr/4.3.3/avr5\libgcc.a(_udivmodsi4.o)
 .bss           0x00800088        0x0 d:/imt_avr_records/00-tools/05-toolchains/sdk_win_64/winavr/bin/../lib/gcc/avr/4.3.3/avr5\libgcc.a(_exit.o)
 .bss           0x00800088        0x0 d:/imt_avr_records/00-tools/05-toolchains/sdk_win_64/winavr/bin/../lib/gcc/avr/4.3.3/avr5\libgcc.a(_copy_data.o)
 .bss           0x00800088        0x0 d:/imt_avr_records/00-tools/05-toolchains/sdk_win_64/winavr/bin/../lib/gcc/avr/4.3.3/avr5\libgcc.a(_clear_bss.o)
 .bss           0x00800088        0x0 d:/imt_avr_records/00-tools/05-toolchains/sdk_win_64/winavr/bin/../lib/gcc/avr/4.3.3/avr5\libgcc.a(_fixunssfsi.o)
 .bss           0x00800088        0x0 d:/imt_avr_records/00-tools/05-toolchains/sdk_win_64/winavr/bin/../lib/gcc/avr/4.3.3/avr5\libgcc.a(_addsub_sf.o)
 .bss           0x00800088        0x0 d:/imt_avr_records/00-tools/05-toolchains/sdk_win_64/winavr/bin/../lib/gcc/avr/4.3.3/avr5\libgcc.a(_mul_sf.o)
 .bss           0x00800088        0x0 d:/imt_avr_records/00-tools/05-toolchains/sdk_win_64/winavr/bin/../lib/gcc/avr/4.3.3/avr5\libgcc.a(_gt_sf.o)
 .bss           0x00800088        0x0 d:/imt_avr_records/00-tools/05-toolchains/sdk_win_64/winavr/bin/../lib/gcc/avr/4.3.3/avr5\libgcc.a(_ge_sf.o)
 .bss           0x00800088        0x0 d:/imt_avr_records/00-tools/05-toolchains/sdk_win_64/winavr/bin/../lib/gcc/avr/4.3.3/avr5\libgcc.a(_lt_sf.o)
 .bss           0x00800088        0x0 d:/imt_avr_records/00-tools/05-toolchains/sdk_win_64/winavr/bin/../lib/gcc/avr/4.3.3/avr5\libgcc.a(_sf_to_si.o)
 .bss           0x00800088        0x0 d:/imt_avr_records/00-tools/05-toolchains/sdk_win_64/winavr/bin/../lib/gcc/avr/4.3.3/avr5\libgcc.a(_thenan_sf.o)
 .bss           0x00800088        0x0 d:/imt_avr_records/00-tools/05-toolchains/sdk_win_64/winavr/bin/../lib/gcc/avr/4.3.3/avr5\libgcc.a(_prologue.o)
 .bss           0x00800088        0x0 d:/imt_avr_records/00-tools/05-toolchains/sdk_win_64/winavr/bin/../lib/gcc/avr/4.3.3/avr5\libgcc.a(_epilogue.o)
 .bss           0x00800088        0x0 d:/imt_avr_records/00-tools/05-toolchains/sdk_win_64/winavr/bin/../lib/gcc/avr/4.3.3/avr5\libgcc.a(_pack_sf.o)
 .bss           0x00800088        0x0 d:/imt_avr_records/00-tools/05-toolchains/sdk_win_64/winavr/bin/../lib/gcc/avr/4.3.3/avr5\libgcc.a(_unpack_sf.o)
 .bss           0x00800088        0x0 d:/imt_avr_records/00-tools/05-toolchains/sdk_win_64/winavr/bin/../lib/gcc/avr/4.3.3/avr5\libgcc.a(_fpcmp_parts_sf.o)
 .bss           0x00800088        0x0 d:/imt_avr_records/00-tools/05-toolchains/sdk_win_64/winavr/bin/../lib/gcc/avr/4.3.3/../../../../avr/lib/avr5\libc.a(strlen.o)
 .bss           0x00800088        0x0 d:/imt_avr_records/00-tools/05-toolchains/sdk_win_64/winavr/bin/../lib/gcc/avr/4.3.3/../../../../avr/lib/avr5\libc.a(sprintf.o)
 .bss           0x00800088        0x0 d:/imt_avr_records/00-tools/05-toolchains/sdk_win_64/winavr/bin/../lib/gcc/avr/4.3.3/../../../../avr/lib/avr5\libc.a(vfprintf_std.o)
 .bss           0x00800088        0x0 d:/imt_avr_records/00-tools/05-toolchains/sdk_win_64/winavr/bin/../lib/gcc/avr/4.3.3/../../../../avr/lib/avr5\libc.a(strnlen_P.o)
 .bss           0x00800088        0x0 d:/imt_avr_records/00-tools/05-toolchains/sdk_win_64/winavr/bin/../lib/gcc/avr/4.3.3/../../../../avr/lib/avr5\libc.a(strnlen.o)
 .bss           0x00800088        0x0 d:/imt_avr_records/00-tools/05-toolchains/sdk_win_64/winavr/bin/../lib/gcc/avr/4.3.3/../../../../avr/lib/avr5\libc.a(fputc.o)
 .bss           0x00800088        0x0 d:/imt_avr_records/00-tools/05-toolchains/sdk_win_64/winavr/bin/../lib/gcc/avr/4.3.3/../../../../avr/lib/avr5\libc.a(ultoa_invert.o)
 *(.bss*)
 .bss.TIMERS_pfTIMER0OVF
                0x00800088        0x2 ./MCAL/Timer/Timer_Program.o
 .bss.TIMERS_pfTIMER0CTC
                0x0080008a        0x2 ./MCAL/Timer/Timer_Program.o
 .bss.Local_u16CounterOVF.1339
                0x0080008c        0x2 ./MCAL/Timer/Timer_Program.o
 .bss.Local_u16CounterCTC.1355
                0x0080008e        0x2 ./MCAL/Timer/Timer_Program.o
 .bss.EXTI      0x00800090        0x6 ./MCAL/EXTI/EXTI_Program.o
                0x00800090                EXTI
 .bss.ADC_PfNotification
                0x00800096        0x2 ./MCAL/ADC/ADC_Program.o
 .bss.ADC_u8BusyFlag
                0x00800098        0x1 ./MCAL/ADC/ADC_Program.o
 *(COMMON)
                0x00800099                PROVIDE (__bss_end, .)
                0x00004a7a                __data_load_start = LOADADDR (.data)
                0x00004aa2                __data_load_end = (__data_load_start + SIZEOF (.data))

.noinit         0x00800099        0x0
                0x00800099                PROVIDE (__noinit_start, .)
 *(.noinit*)
                0x00800099                PROVIDE (__noinit_end, .)
                0x00800099                _end = .
                0x00800099                PROVIDE (__heap_start, .)

.eeprom         0x00810000        0x0
 *(.eeprom*)
                0x00810000                __eeprom_end = .

.fuse
 *(.fuse)
 *(.lfuse)
 *(.hfuse)
 *(.efuse)

.lock
 *(.lock*)

.signature
 *(.signature*)

.stab           0x00000000     0x4eb4
 *(.stab)
 .stab          0x00000000      0x5a0 ./MCAL/Timer/Timer_Program.o
 .stab          0x000005a0      0x1c8 ./MCAL/Switch_Driver/Switch_Config.o
                                0x1d4 (size before relaxing)
 .stab          0x00000768      0x240 ./MCAL/Switch_Driver/Switch_Program.o
                                0x2a0 (size before relaxing)
 .stab          0x000009a8      0x840 ./MCAL/LCD_DIO/Dio_Program.o
                                0x84c (size before relaxing)
 .stab          0x000011e8      0x1b0 ./MCAL/Global_Interrupt/GI_Program.o
                                0x1bc (size before relaxing)
 .stab          0x00001398      0x66c ./MCAL/EXTI/EXTI_Program.o
                                0x678 (size before relaxing)
 .stab          0x00001a04      0xedc ./MCAL/DIO/DIO_Program.o
                                0xee8 (size before relaxing)
 .stab          0x000028e0      0x504 ./MCAL/ADC/ADC_Program.o
                                0x510 (size before relaxing)
 .stab          0x00002de4      0x3b4 ./HAL/Stepper/Stepper_Program.o
                                0x540 (size before relaxing)
 .stab          0x00003198      0xfc0 ./HAL/LCD/LCD_Program.o
                               0x1158 (size before relaxing)
 .stab          0x00004158      0x60c ./HAL/KEYPAD/Keypad.o
                                0x7c8 (size before relaxing)
 .stab          0x00004764      0x474 ./HAL/DC_MOTOR/DC_Motor_Program.o
                                0x480 (size before relaxing)
 .stab          0x00004bd8      0x2dc ./APP/main.o
                                0x474 (size before relaxing)

.stabstr        0x00000000     0x2526
 *(.stabstr)
 .stabstr       0x00000000     0x2526 ./MCAL/Timer/Timer_Program.o

.stab.excl
 *(.stab.excl)

.stab.exclstr
 *(.stab.exclstr)

.stab.index
 *(.stab.index)

.stab.indexstr
 *(.stab.indexstr)

.comment
 *(.comment)

.debug
 *(.debug)

.line
 *(.line)

.debug_srcinfo
 *(.debug_srcinfo)

.debug_sfnames
 *(.debug_sfnames)

.debug_aranges  0x00000000      0x140
 *(.debug_aranges)
 .debug_aranges
                0x00000000       0x20 d:/imt_avr_records/00-tools/05-toolchains/sdk_win_64/winavr/bin/../lib/gcc/avr/4.3.3/avr5\libgcc.a(_fixunssfsi.o)
 .debug_aranges
                0x00000020       0x20 d:/imt_avr_records/00-tools/05-toolchains/sdk_win_64/winavr/bin/../lib/gcc/avr/4.3.3/avr5\libgcc.a(_addsub_sf.o)
 .debug_aranges
                0x00000040       0x20 d:/imt_avr_records/00-tools/05-toolchains/sdk_win_64/winavr/bin/../lib/gcc/avr/4.3.3/avr5\libgcc.a(_mul_sf.o)
 .debug_aranges
                0x00000060       0x20 d:/imt_avr_records/00-tools/05-toolchains/sdk_win_64/winavr/bin/../lib/gcc/avr/4.3.3/avr5\libgcc.a(_gt_sf.o)
 .debug_aranges
                0x00000080       0x20 d:/imt_avr_records/00-tools/05-toolchains/sdk_win_64/winavr/bin/../lib/gcc/avr/4.3.3/avr5\libgcc.a(_ge_sf.o)
 .debug_aranges
                0x000000a0       0x20 d:/imt_avr_records/00-tools/05-toolchains/sdk_win_64/winavr/bin/../lib/gcc/avr/4.3.3/avr5\libgcc.a(_lt_sf.o)
 .debug_aranges
                0x000000c0       0x20 d:/imt_avr_records/00-tools/05-toolchains/sdk_win_64/winavr/bin/../lib/gcc/avr/4.3.3/avr5\libgcc.a(_sf_to_si.o)
 .debug_aranges
                0x000000e0       0x20 d:/imt_avr_records/00-tools/05-toolchains/sdk_win_64/winavr/bin/../lib/gcc/avr/4.3.3/avr5\libgcc.a(_pack_sf.o)
 .debug_aranges
                0x00000100       0x20 d:/imt_avr_records/00-tools/05-toolchains/sdk_win_64/winavr/bin/../lib/gcc/avr/4.3.3/avr5\libgcc.a(_unpack_sf.o)
 .debug_aranges
                0x00000120       0x20 d:/imt_avr_records/00-tools/05-toolchains/sdk_win_64/winavr/bin/../lib/gcc/avr/4.3.3/avr5\libgcc.a(_fpcmp_parts_sf.o)

.debug_pubnames
                0x00000000      0x170
 *(.debug_pubnames)
 .debug_pubnames
                0x00000000       0x23 d:/imt_avr_records/00-tools/05-toolchains/sdk_win_64/winavr/bin/../lib/gcc/avr/4.3.3/avr5\libgcc.a(_fixunssfsi.o)
 .debug_pubnames
                0x00000023       0x2c d:/imt_avr_records/00-tools/05-toolchains/sdk_win_64/winavr/bin/../lib/gcc/avr/4.3.3/avr5\libgcc.a(_addsub_sf.o)
 .debug_pubnames
                0x0000004f       0x1f d:/imt_avr_records/00-tools/05-toolchains/sdk_win_64/winavr/bin/../lib/gcc/avr/4.3.3/avr5\libgcc.a(_mul_sf.o)
 .debug_pubnames
                0x0000006e       0x1e d:/imt_avr_records/00-tools/05-toolchains/sdk_win_64/winavr/bin/../lib/gcc/avr/4.3.3/avr5\libgcc.a(_gt_sf.o)
 .debug_pubnames
                0x0000008c       0x1e d:/imt_avr_records/00-tools/05-toolchains/sdk_win_64/winavr/bin/../lib/gcc/avr/4.3.3/avr5\libgcc.a(_ge_sf.o)
 .debug_pubnames
                0x000000aa       0x1e d:/imt_avr_records/00-tools/05-toolchains/sdk_win_64/winavr/bin/../lib/gcc/avr/4.3.3/avr5\libgcc.a(_lt_sf.o)
 .debug_pubnames
                0x000000c8       0x20 d:/imt_avr_records/00-tools/05-toolchains/sdk_win_64/winavr/bin/../lib/gcc/avr/4.3.3/avr5\libgcc.a(_sf_to_si.o)
 .debug_pubnames
                0x000000e8       0x22 d:/imt_avr_records/00-tools/05-toolchains/sdk_win_64/winavr/bin/../lib/gcc/avr/4.3.3/avr5\libgcc.a(_thenan_sf.o)
 .debug_pubnames
                0x0000010a       0x1f d:/imt_avr_records/00-tools/05-toolchains/sdk_win_64/winavr/bin/../lib/gcc/avr/4.3.3/avr5\libgcc.a(_pack_sf.o)
 .debug_pubnames
                0x00000129       0x21 d:/imt_avr_records/00-tools/05-toolchains/sdk_win_64/winavr/bin/../lib/gcc/avr/4.3.3/avr5\libgcc.a(_unpack_sf.o)
 .debug_pubnames
                0x0000014a       0x26 d:/imt_avr_records/00-tools/05-toolchains/sdk_win_64/winavr/bin/../lib/gcc/avr/4.3.3/avr5\libgcc.a(_fpcmp_parts_sf.o)

.debug_info     0x00000000     0x1c49
 *(.debug_info)
 .debug_info    0x00000000       0xb1 d:/imt_avr_records/00-tools/05-toolchains/sdk_win_64/winavr/bin/../lib/gcc/avr/4.3.3/avr5\libgcc.a(_fixunssfsi.o)
 .debug_info    0x000000b1      0x47a d:/imt_avr_records/00-tools/05-toolchains/sdk_win_64/winavr/bin/../lib/gcc/avr/4.3.3/avr5\libgcc.a(_addsub_sf.o)
 .debug_info    0x0000052b      0x485 d:/imt_avr_records/00-tools/05-toolchains/sdk_win_64/winavr/bin/../lib/gcc/avr/4.3.3/avr5\libgcc.a(_mul_sf.o)
 .debug_info    0x000009b0      0x27f d:/imt_avr_records/00-tools/05-toolchains/sdk_win_64/winavr/bin/../lib/gcc/avr/4.3.3/avr5\libgcc.a(_gt_sf.o)
 .debug_info    0x00000c2f      0x27f d:/imt_avr_records/00-tools/05-toolchains/sdk_win_64/winavr/bin/../lib/gcc/avr/4.3.3/avr5\libgcc.a(_ge_sf.o)
 .debug_info    0x00000eae      0x27f d:/imt_avr_records/00-tools/05-toolchains/sdk_win_64/winavr/bin/../lib/gcc/avr/4.3.3/avr5\libgcc.a(_lt_sf.o)
 .debug_info    0x0000112d      0x2b0 d:/imt_avr_records/00-tools/05-toolchains/sdk_win_64/winavr/bin/../lib/gcc/avr/4.3.3/avr5\libgcc.a(_sf_to_si.o)
 .debug_info    0x000013dd      0x12c d:/imt_avr_records/00-tools/05-toolchains/sdk_win_64/winavr/bin/../lib/gcc/avr/4.3.3/avr5\libgcc.a(_thenan_sf.o)
 .debug_info    0x00001509      0x2df d:/imt_avr_records/00-tools/05-toolchains/sdk_win_64/winavr/bin/../lib/gcc/avr/4.3.3/avr5\libgcc.a(_pack_sf.o)
 .debug_info    0x000017e8      0x251 d:/imt_avr_records/00-tools/05-toolchains/sdk_win_64/winavr/bin/../lib/gcc/avr/4.3.3/avr5\libgcc.a(_unpack_sf.o)
 .debug_info    0x00001a39      0x210 d:/imt_avr_records/00-tools/05-toolchains/sdk_win_64/winavr/bin/../lib/gcc/avr/4.3.3/avr5\libgcc.a(_fpcmp_parts_sf.o)
 *(.gnu.linkonce.wi.*)

.debug_abbrev   0x00000000      0xeeb
 *(.debug_abbrev)
 .debug_abbrev  0x00000000       0x5d d:/imt_avr_records/00-tools/05-toolchains/sdk_win_64/winavr/bin/../lib/gcc/avr/4.3.3/avr5\libgcc.a(_fixunssfsi.o)
 .debug_abbrev  0x0000005d      0x1ea d:/imt_avr_records/00-tools/05-toolchains/sdk_win_64/winavr/bin/../lib/gcc/avr/4.3.3/avr5\libgcc.a(_addsub_sf.o)
 .debug_abbrev  0x00000247      0x21b d:/imt_avr_records/00-tools/05-toolchains/sdk_win_64/winavr/bin/../lib/gcc/avr/4.3.3/avr5\libgcc.a(_mul_sf.o)
 .debug_abbrev  0x00000462      0x15a d:/imt_avr_records/00-tools/05-toolchains/sdk_win_64/winavr/bin/../lib/gcc/avr/4.3.3/avr5\libgcc.a(_gt_sf.o)
 .debug_abbrev  0x000005bc      0x15a d:/imt_avr_records/00-tools/05-toolchains/sdk_win_64/winavr/bin/../lib/gcc/avr/4.3.3/avr5\libgcc.a(_ge_sf.o)
 .debug_abbrev  0x00000716      0x15a d:/imt_avr_records/00-tools/05-toolchains/sdk_win_64/winavr/bin/../lib/gcc/avr/4.3.3/avr5\libgcc.a(_lt_sf.o)
 .debug_abbrev  0x00000870      0x17f d:/imt_avr_records/00-tools/05-toolchains/sdk_win_64/winavr/bin/../lib/gcc/avr/4.3.3/avr5\libgcc.a(_sf_to_si.o)
 .debug_abbrev  0x000009ef       0xad d:/imt_avr_records/00-tools/05-toolchains/sdk_win_64/winavr/bin/../lib/gcc/avr/4.3.3/avr5\libgcc.a(_thenan_sf.o)
 .debug_abbrev  0x00000a9c      0x1c0 d:/imt_avr_records/00-tools/05-toolchains/sdk_win_64/winavr/bin/../lib/gcc/avr/4.3.3/avr5\libgcc.a(_pack_sf.o)
 .debug_abbrev  0x00000c5c      0x154 d:/imt_avr_records/00-tools/05-toolchains/sdk_win_64/winavr/bin/../lib/gcc/avr/4.3.3/avr5\libgcc.a(_unpack_sf.o)
 .debug_abbrev  0x00000db0      0x13b d:/imt_avr_records/00-tools/05-toolchains/sdk_win_64/winavr/bin/../lib/gcc/avr/4.3.3/avr5\libgcc.a(_fpcmp_parts_sf.o)

.debug_line     0x00000000      0xdad
 *(.debug_line)
 .debug_line    0x00000000       0xa7 d:/imt_avr_records/00-tools/05-toolchains/sdk_win_64/winavr/bin/../lib/gcc/avr/4.3.3/avr5\libgcc.a(_fixunssfsi.o)
 .debug_line    0x000000a7      0x2af d:/imt_avr_records/00-tools/05-toolchains/sdk_win_64/winavr/bin/../lib/gcc/avr/4.3.3/avr5\libgcc.a(_addsub_sf.o)
 .debug_line    0x00000356      0x239 d:/imt_avr_records/00-tools/05-toolchains/sdk_win_64/winavr/bin/../lib/gcc/avr/4.3.3/avr5\libgcc.a(_mul_sf.o)
 .debug_line    0x0000058f       0xd3 d:/imt_avr_records/00-tools/05-toolchains/sdk_win_64/winavr/bin/../lib/gcc/avr/4.3.3/avr5\libgcc.a(_gt_sf.o)
 .debug_line    0x00000662       0xd3 d:/imt_avr_records/00-tools/05-toolchains/sdk_win_64/winavr/bin/../lib/gcc/avr/4.3.3/avr5\libgcc.a(_ge_sf.o)
 .debug_line    0x00000735       0xd3 d:/imt_avr_records/00-tools/05-toolchains/sdk_win_64/winavr/bin/../lib/gcc/avr/4.3.3/avr5\libgcc.a(_lt_sf.o)
 .debug_line    0x00000808      0x109 d:/imt_avr_records/00-tools/05-toolchains/sdk_win_64/winavr/bin/../lib/gcc/avr/4.3.3/avr5\libgcc.a(_sf_to_si.o)
 .debug_line    0x00000911       0x90 d:/imt_avr_records/00-tools/05-toolchains/sdk_win_64/winavr/bin/../lib/gcc/avr/4.3.3/avr5\libgcc.a(_thenan_sf.o)
 .debug_line    0x000009a1      0x18a d:/imt_avr_records/00-tools/05-toolchains/sdk_win_64/winavr/bin/../lib/gcc/avr/4.3.3/avr5\libgcc.a(_pack_sf.o)
 .debug_line    0x00000b2b      0x14b d:/imt_avr_records/00-tools/05-toolchains/sdk_win_64/winavr/bin/../lib/gcc/avr/4.3.3/avr5\libgcc.a(_unpack_sf.o)
 .debug_line    0x00000c76      0x137 d:/imt_avr_records/00-tools/05-toolchains/sdk_win_64/winavr/bin/../lib/gcc/avr/4.3.3/avr5\libgcc.a(_fpcmp_parts_sf.o)

.debug_frame    0x00000000      0x160
 *(.debug_frame)
 .debug_frame   0x00000000       0x20 d:/imt_avr_records/00-tools/05-toolchains/sdk_win_64/winavr/bin/../lib/gcc/avr/4.3.3/avr5\libgcc.a(_fixunssfsi.o)
 .debug_frame   0x00000020       0x40 d:/imt_avr_records/00-tools/05-toolchains/sdk_win_64/winavr/bin/../lib/gcc/avr/4.3.3/avr5\libgcc.a(_addsub_sf.o)
 .debug_frame   0x00000060       0x20 d:/imt_avr_records/00-tools/05-toolchains/sdk_win_64/winavr/bin/../lib/gcc/avr/4.3.3/avr5\libgcc.a(_mul_sf.o)
 .debug_frame   0x00000080       0x20 d:/imt_avr_records/00-tools/05-toolchains/sdk_win_64/winavr/bin/../lib/gcc/avr/4.3.3/avr5\libgcc.a(_gt_sf.o)
 .debug_frame   0x000000a0       0x20 d:/imt_avr_records/00-tools/05-toolchains/sdk_win_64/winavr/bin/../lib/gcc/avr/4.3.3/avr5\libgcc.a(_ge_sf.o)
 .debug_frame   0x000000c0       0x20 d:/imt_avr_records/00-tools/05-toolchains/sdk_win_64/winavr/bin/../lib/gcc/avr/4.3.3/avr5\libgcc.a(_lt_sf.o)
 .debug_frame   0x000000e0       0x20 d:/imt_avr_records/00-tools/05-toolchains/sdk_win_64/winavr/bin/../lib/gcc/avr/4.3.3/avr5\libgcc.a(_sf_to_si.o)
 .debug_frame   0x00000100       0x20 d:/imt_avr_records/00-tools/05-toolchains/sdk_win_64/winavr/bin/../lib/gcc/avr/4.3.3/avr5\libgcc.a(_pack_sf.o)
 .debug_frame   0x00000120       0x20 d:/imt_avr_records/00-tools/05-toolchains/sdk_win_64/winavr/bin/../lib/gcc/avr/4.3.3/avr5\libgcc.a(_unpack_sf.o)
 .debug_frame   0x00000140       0x20 d:/imt_avr_records/00-tools/05-toolchains/sdk_win_64/winavr/bin/../lib/gcc/avr/4.3.3/avr5\libgcc.a(_fpcmp_parts_sf.o)

.debug_str      0x00000000      0x28d
 *(.debug_str)
 .debug_str     0x00000000       0xbf d:/imt_avr_records/00-tools/05-toolchains/sdk_win_64/winavr/bin/../lib/gcc/avr/4.3.3/avr5\libgcc.a(_fixunssfsi.o)
                                 0xfe (size before relaxing)
 .debug_str     0x000000bf      0x14d d:/imt_avr_records/00-tools/05-toolchains/sdk_win_64/winavr/bin/../lib/gcc/avr/4.3.3/avr5\libgcc.a(_addsub_sf.o)
                                0x206 (size before relaxing)
 .debug_str     0x0000020c       0x27 d:/imt_avr_records/00-tools/05-toolchains/sdk_win_64/winavr/bin/../lib/gcc/avr/4.3.3/avr5\libgcc.a(_mul_sf.o)
                                0x1bf (size before relaxing)
 .debug_str     0x00000233        0xf d:/imt_avr_records/00-tools/05-toolchains/sdk_win_64/winavr/bin/../lib/gcc/avr/4.3.3/avr5\libgcc.a(_gt_sf.o)
                                0x195 (size before relaxing)
 .debug_str     0x00000242        0x8 d:/imt_avr_records/00-tools/05-toolchains/sdk_win_64/winavr/bin/../lib/gcc/avr/4.3.3/avr5\libgcc.a(_ge_sf.o)
                                0x195 (size before relaxing)
 .debug_str     0x0000024a        0x8 d:/imt_avr_records/00-tools/05-toolchains/sdk_win_64/winavr/bin/../lib/gcc/avr/4.3.3/avr5\libgcc.a(_lt_sf.o)
                                0x195 (size before relaxing)
 .debug_str     0x00000252        0xa d:/imt_avr_records/00-tools/05-toolchains/sdk_win_64/winavr/bin/../lib/gcc/avr/4.3.3/avr5\libgcc.a(_sf_to_si.o)
                                0x19e (size before relaxing)
 .debug_str     0x00000000      0x103 d:/imt_avr_records/00-tools/05-toolchains/sdk_win_64/winavr/bin/../lib/gcc/avr/4.3.3/avr5\libgcc.a(_thenan_sf.o)
 .debug_str     0x0000025c       0x16 d:/imt_avr_records/00-tools/05-toolchains/sdk_win_64/winavr/bin/../lib/gcc/avr/4.3.3/avr5\libgcc.a(_pack_sf.o)
                                0x19d (size before relaxing)
 .debug_str     0x00000272        0xb d:/imt_avr_records/00-tools/05-toolchains/sdk_win_64/winavr/bin/../lib/gcc/avr/4.3.3/avr5\libgcc.a(_unpack_sf.o)
                                0x17f (size before relaxing)
 .debug_str     0x0000027d       0x10 d:/imt_avr_records/00-tools/05-toolchains/sdk_win_64/winavr/bin/../lib/gcc/avr/4.3.3/avr5\libgcc.a(_fpcmp_parts_sf.o)
                                0x163 (size before relaxing)

.debug_loc      0x00000000      0x7ce
 *(.debug_loc)
 .debug_loc     0x00000000       0x34 d:/imt_avr_records/00-tools/05-toolchains/sdk_win_64/winavr/bin/../lib/gcc/avr/4.3.3/avr5\libgcc.a(_fixunssfsi.o)
 .debug_loc     0x00000034      0x32a d:/imt_avr_records/00-tools/05-toolchains/sdk_win_64/winavr/bin/../lib/gcc/avr/4.3.3/avr5\libgcc.a(_addsub_sf.o)
 .debug_loc     0x0000035e      0x104 d:/imt_avr_records/00-tools/05-toolchains/sdk_win_64/winavr/bin/../lib/gcc/avr/4.3.3/avr5\libgcc.a(_mul_sf.o)
 .debug_loc     0x00000462       0x3c d:/imt_avr_records/00-tools/05-toolchains/sdk_win_64/winavr/bin/../lib/gcc/avr/4.3.3/avr5\libgcc.a(_gt_sf.o)
 .debug_loc     0x0000049e       0x3c d:/imt_avr_records/00-tools/05-toolchains/sdk_win_64/winavr/bin/../lib/gcc/avr/4.3.3/avr5\libgcc.a(_ge_sf.o)
 .debug_loc     0x000004da       0x3c d:/imt_avr_records/00-tools/05-toolchains/sdk_win_64/winavr/bin/../lib/gcc/avr/4.3.3/avr5\libgcc.a(_lt_sf.o)
 .debug_loc     0x00000516       0x7e d:/imt_avr_records/00-tools/05-toolchains/sdk_win_64/winavr/bin/../lib/gcc/avr/4.3.3/avr5\libgcc.a(_sf_to_si.o)
 .debug_loc     0x00000594      0x13e d:/imt_avr_records/00-tools/05-toolchains/sdk_win_64/winavr/bin/../lib/gcc/avr/4.3.3/avr5\libgcc.a(_pack_sf.o)
 .debug_loc     0x000006d2       0xac d:/imt_avr_records/00-tools/05-toolchains/sdk_win_64/winavr/bin/../lib/gcc/avr/4.3.3/avr5\libgcc.a(_unpack_sf.o)
 .debug_loc     0x0000077e       0x50 d:/imt_avr_records/00-tools/05-toolchains/sdk_win_64/winavr/bin/../lib/gcc/avr/4.3.3/avr5\libgcc.a(_fpcmp_parts_sf.o)

.debug_macinfo
 *(.debug_macinfo)
OUTPUT(DIO_Driver.elf elf32-avr)
LOAD linker stubs

.debug_ranges   0x00000000       0x50
 .debug_ranges  0x00000000       0x50 d:/imt_avr_records/00-tools/05-toolchains/sdk_win_64/winavr/bin/../lib/gcc/avr/4.3.3/avr5\libgcc.a(_mul_sf.o)
